// Jest Snapshot v1, https://goo.gl/fbAQLP

exports[`App App renders correctly with a snapshot 1`] = `<div />`;
